vsevolod@lp-0734:~/spbu/python-homeworks$ nl -b a hw_1/artifacts/sample_file.txt
     1  line 1
     2  line 2
     3  line 3
     4  line 4
     5  line 5
     6  line 6
     7  line 7
     8  line 8
     9  line 9
    10  line 10
    11  line 11
    12  line 12
    13  line 13
    14  line 14
    15  line 15
    16  line 16
    17  line 17
    18  line 18
    19  line 19
    20  line 20
vsevolod@lp-0734:~/spbu/python-homeworks$ python hw_1/nl.py hw_1/artifacts/sample_file.txt
    1   line 1
    2   line 2
    3   line 3
    4   line 4
    5   line 5
    6   line 6
    7   line 7
    8   line 8
    9   line 9
   10   line 10
   11   line 11
   12   line 12
   13   line 13
   14   line 14
   15   line 15
   16   line 16
   17   line 17
   18   line 18
   19   line 19
   20   line 20
vsevolod@lp-0734:~/spbu/python-homeworks$ python hw_1/nl.py
hello
    1   hello
world
    2   world
!!!
    3   !!!
vsevolod@lp-0734:~/spbu/python-homeworks$ nl -b a hw_1/artifacts/sample_file.txt file2
     1  line 1
     2  line 2
     3  line 3
     4  line 4
     5  line 5
     6  line 6
     7  line 7
     8  line 8
     9  line 9
    10  line 10
    11  line 11
    12  line 12
    13  line 13
    14  line 14
    15  line 15
    16  line 16
    17  line 17
    18  line 18
    19  line 19
    20  line 20
nl: file2: No such file or directory
vsevolod@lp-0734:~/spbu/python-homeworks$ python hw_1/nl.py hw_1/artifacts/sample_file.txt file2
    1   line 1
    2   line 2
    3   line 3
    4   line 4
    5   line 5
    6   line 6
    7   line 7
    8   line 8
    9   line 9
   10   line 10
   11   line 11
   12   line 12
   13   line 13
   14   line 14
   15   line 15
   16   line 16
   17   line 17
   18   line 18
   19   line 19
   20   line 20
hw_1/nl.py: file2: No such file or directory
vsevolod@lp-0734:~/spbu/python-homeworks$ nl -b a file1 file2
nl: file1: No such file or directory
nl: file2: No such file or directory
vsevolod@lp-0734:~/spbu/python-homeworks$ python hw_1/nl.py file1 file2
hw_1/nl.py: file1: No such file or directory
hw_1/nl.py: file2: No such file or directory
vsevolod@lp-0734:~/spbu/python-homeworks$ nl -b a hw_1/artifacts/sample_file.txt file2
     1  line 1
     2  line 2
     3  line 3
     4  line 4
     5  line 5
     6  line 6
     7  line 7
     8  line 8
     9  line 9
    10  line 10
    11  line 11
    12  line 12
    13  line 13
    14  line 14
    15  line 15
    16  line 16
    17  line 17
    18  line 18
    19  line 19
    20  line 20
nl: file2: No such file or directory
vsevolod@lp-0734:~/spbu/python-homeworks$ nl -b a file1 file2
nl: file1: No such file or directory
nl: file2: No such file or directory
vsevolod@lp-0734:~/spbu/python-homeworks$ python hw_1/nl.py file1 file2
hw_1/nl.py: file1: No such file or directory
hw_1/nl.py: file2: No such file or directory
vsevolod@lp-0734:~/spbu/python-homeworks$ nl -b a hw_1/artifacts/sample_file.txt  hw_1/artifacts/sample_file.txt
     1  line 1
     2  line 2
     3  line 3
     4  line 4
     5  line 5
     6  line 6
     7  line 7
     8  line 8
     9  line 9
    10  line 10
    11  line 11
    12  line 12
    13  line 13
    14  line 14
    15  line 15
    16  line 16
    17  line 17
    18  line 18
    19  line 19
    20  line 20
    21  line 1
    22  line 2
    23  line 3
    24  line 4
    25  line 5
    26  line 6
    27  line 7
    28  line 8
    29  line 9
    30  line 10
    31  line 11
    32  line 12
    33  line 13
    34  line 14
    35  line 15
    36  line 16
    37  line 17
    38  line 18
    39  line 19
    40  line 20
vsevolod@lp-0734:~/spbu/python-homeworks$ python hw_1/nl.py hw_1/artifacts/sample_file.txt  hw_1/artifacts/sample_file.txt
    1   line 1
    2   line 2
    3   line 3
    4   line 4
    5   line 5
    6   line 6
    7   line 7
    8   line 8
    9   line 9
   10   line 10
   11   line 11
   12   line 12
   13   line 13
   14   line 14
   15   line 15
   16   line 16
   17   line 17
   18   line 18
   19   line 19
   20   line 20
   21   line 1
   22   line 2
   23   line 3
   24   line 4
   25   line 5
   26   line 6
   27   line 7
   28   line 8
   29   line 9
   30   line 10
   31   line 11
   32   line 12
   33   line 13
   34   line 14
   35   line 15
   36   line 16
   37   line 17
   38   line 18
   39   line 19
   40   line 20
vsevolod@lp-0734:~/spbu/python-homeworks$ python hw_1/nl.py hw_1/artifacts/sample_file.txt hw_1/artifacts/ file3
    1   line 1
    2   line 2
    3   line 3
    4   line 4
    5   line 5
    6   line 6
    7   line 7
    8   line 8
    9   line 9
   10   line 10
   11   line 11
   12   line 12
   13   line 13
   14   line 14
   15   line 15
   16   line 16
   17   line 17
   18   line 18
   19   line 19
   20   line 20
hw_1/nl.py: hw_1/artifacts: Is a directory
hw_1/nl.py: file3: No such file or directory
